stm32wbxx_ll_bus.h:340:22:LL_AHB1_GRP1_EnableClock	8	static
stm32wbxx_ll_bus.h:508:22:LL_AHB2_GRP1_EnableClock	8	static
main.c:756:8:user_i2c_write	32	static
main.c:708:8:user_i2c_read	32	static
main.c:182:6:SystemClock_Config	208	static
main.c:296:6:MX_LPUART1_UART_Init	16	static
main.c:344:6:MX_USART1_UART_Init	16	static
main.c:487:6:PeriphClock_Config	0	static
main.c:638:6:HAL_Delay	16	static,ignoring_inline_asm
main.c:699:6:user_delay_ms	0	static
main.c:121:5:main	16	static
main.c:672:6:Error_Handler	0	static
