stm32wbxx_ll_bus.h:340:22:LL_AHB1_GRP1_EnableClock	8	static
stm32wbxx_ll_bus.h:508:22:LL_AHB2_GRP1_EnableClock	8	static
main.c:186:6:SystemClock_Config	208	static
main.c:300:6:MX_LPUART1_UART_Init	16	static
main.c:348:6:MX_USART1_UART_Init	16	static
main.c:120:5:main	16	static
main.c:491:6:PeriphClock_Config	0	static
main.c:642:6:HAL_Delay	16	static,ignoring_inline_asm
main.c:676:6:Error_Handler	0	static
main.c:703:6:user_delay_ms	0	static
main.c:712:8:user_i2c_read	40	static
main.c:760:8:user_i2c_write	40	static
